[bootstrap 16:10:20] waiting for the NVIDIA driver
Tue Oct  6 16:10:20 2026       
+-----------------------------------------------------------------------------------------+
| NVIDIA-SMI 580.173.02             Driver Version: 580.173.02     CUDA Version: 13.0     |
+-----------------------------------------+------------------------+----------------------+
| GPU  Name                 Persistence-M | Bus-Id          Disp.A | Volatile Uncorr. ECC |
| Fan  Temp   Perf          Pwr:Usage/Cap |           Memory-Usage | GPU-Util  Compute M. |
|                                         |                        |               MIG M. |
|=========================================+========================+======================|
|   0  NVIDIA L4                      On  |   00000000:00:03.0 Off |                    0 |
| N/A   50C    P0             13W /   72W |       0MiB /  23034MiB |      0%      Default |
|                                         |                        |                  N/A |
+-----------------------------------------+------------------------+----------------------+

+-----------------------------------------------------------------------------------------+
| Processes:                                                                              |
|  GPU   GI   CI              PID   Type   Process name                        GPU Memory |
|        ID   ID                                                               Usage      |
|=========================================================================================|
|  No running processes found                                                             |
+-----------------------------------------------------------------------------------------+
[bootstrap 16:10:20] installing uv
downloading uv 0.12.23 x86_64-unknown-linux-gnu
installing to /home/chirag/.local/bin
  uv
  uvx
everything's installed!

To add $HOME/.local/bin to your PATH, either restart your shell or run:

    source $HOME/.local/bin/env (sh, bash, zsh)
    source $HOME/.local/bin/env.fish (fish)
[bootstrap 16:10:22] uv sync --locked --group serving
Downloading cpython-3.14.8-linux-x86_64-gnu (download) (34.6MiB)
 Downloaded cpython-3.14.8-linux-x86_64-gnu (download)
Using CPython 3.14.8
Creating virtual environment at: .venv
Resolved 70 packages in 1ms
Downloading tokenizers (3.2MiB)
Downloading hf-xet (4.3MiB)
Downloading sympy (6.0MiB)
Downloading nvidia-cufile (1.2MiB)
Downloading nvidia-cuda-cupti (10.2MiB)
Downloading nvidia-curand (56.8MiB)
Downloading nvidia-cusparselt-cu13 (162.3MiB)
Downloading nvidia-cublas (403.5MiB)
Downloading nvidia-cufft (204.2MiB)
Downloading nvidia-cusparse (139.2MiB)
Downloading nvidia-nvshmem-cu13 (57.6MiB)
Downloading uvloop (4.1MiB)
Downloading nvidia-cusolver (191.6MiB)
Downloading nvidia-cuda-nvrtc (86.0MiB)
Downloading networkx (2.0MiB)
Downloading transformers (11.5MiB)
Downloading nvidia-cuda-runtime (2.1MiB)
Downloading triton (188.6MiB)
Downloading pygments (1.2MiB)
Downloading pydantic-core (2.0MiB)
Downloading torch (502.2MiB)
Downloading cuda-bindings (6.2MiB)
Downloading nvidia-nccl-cu13 (196.4MiB)
Downloading nvidia-nvjitlink (38.9MiB)
Downloading nvidia-cudnn-cu13 (349.2MiB)
Downloading numpy (15.9MiB)
 Downloaded pygments
 Downloaded nvidia-cufile
 Downloaded networkx
 Downloaded pydantic-core
 Downloaded nvidia-cuda-runtime
 Downloaded tokenizers
 Downloaded uvloop
 Downloaded hf-xet
 Downloaded sympy
 Downloaded cuda-bindings
 Downloaded nvidia-cuda-cupti
 Downloaded transformers
 Downloaded numpy
 Downloaded nvidia-nvjitlink
 Downloaded nvidia-curand
 Downloaded nvidia-nvshmem-cu13
 Downloaded nvidia-cuda-nvrtc
 Downloaded nvidia-cusparse
 Downloaded nvidia-cusparselt-cu13
 Downloaded triton
 Downloaded nvidia-cusolver
 Downloaded nvidia-nccl-cu13
 Downloaded nvidia-cufft
 Downloaded nvidia-cudnn-cu13
 Downloaded nvidia-cublas
 Downloaded torch
Prepared 67 packages in 1m 38s
Installed 67 packages in 275ms
 + accelerate==1.14.0
 + annotated-doc==0.0.5
 + annotated-types==0.8.0
 + anyio==4.14.2
 + certifi==2026.7.22
 + click==8.5.0
 + cuda-bindings==13.3.1
 + cuda-pathfinder==1.7.0
 + cuda-toolkit==13.0.3.0
 + fastapi==0.141.1
 + filelock==3.32.4
 + fsspec==2026.7.0
 + h11==0.16.0
 + hf-xet==1.6.0
 + httpcore==1.0.9
 + httptools==0.8.0
 + httpx==0.28.1
 + huggingface-hub==1.29.0
 + idna==3.19
 + jinja2==3.1.6
 + markdown-it-py==4.2.0
 + markupsafe==3.0.3
 + mdurl==0.1.2
 + mpmath==1.3.0
 + networkx==3.6.1
 + numpy==2.5.2
 + nvidia-cublas==13.1.1.3
 + nvidia-cuda-cupti==13.0.85
 + nvidia-cuda-nvrtc==13.0.88
 + nvidia-cuda-runtime==13.0.96
 + nvidia-cudnn-cu13==9.20.0.48
 + nvidia-cufft==12.0.0.61
 + nvidia-cufile==1.15.1.6
 + nvidia-curand==10.4.0.35
 + nvidia-cusolver==12.0.4.66
 + nvidia-cusparse==12.6.3.3
 + nvidia-cusparselt-cu13==0.8.1
 + nvidia-nccl-cu13==2.29.7
 + nvidia-nvjitlink==13.3.33
 + nvidia-nvshmem-cu13==3.4.5
 + nvidia-nvtx==13.0.85
 + packaging==26.3
 + psutil==7.2.2
 + pydantic==2.13.4
 + pydantic-core==2.46.4
 + pygments==2.21.0
 + python-dotenv==1.2.3
 + pyyaml==6.0.3
 + regex==2026.7.19
 + rich==15.0.0
 + safetensors==0.8.0
 + setuptools==84.0.0
 + shellingham==1.5.4
 + starlette==1.6.0
 + sympy==1.14.0
 + tokenizers==0.23.1
 + torch==2.13.0
 + tqdm==4.70.0
 + transformers==5.16.1
 + triton==3.7.1
 + typer==0.27.1
 + typing-extensions==4.16.0
 + typing-inspection==0.4.4
 + uvicorn==0.52.4
 + uvloop==0.22.1
 + watchfiles==1.2.0
 + websockets==17.1
NVIDIA Nsight Systems version 2025.1.3.140-251335620677v0
[bootstrap 16:12:10] bootstrap done
[profile:smoke 16:12:10] starting: /usr/local/cuda/bin/nsys profile --trace=cuda,nvtx,osrt --force-overwrite=true --output=/home/chirag/prof/smoke/trace --sample=process-tree --cpuctxsw=process-tree --python-sampling=true --cuda-memory-usage=false .venv/bin/python -m uvicorn serving.naive_server:app --port 8000
[profile:smoke 16:12:10] waiting for /healthz (model load)
[profile:smoke 16:12:50] running: .venv/bin/python benchmarks/baseline_runner.py --warmup 1 --requests 2 --runs 1 --output-tokens 128 --out /home/chirag/prof/smoke/runner.json
[profile:smoke 16:13:10] stopping server (SIGINT) so nsys finalizes
[profile:smoke 16:13:30] nsys stats
[profile:smoke 16:14:23] done -> /home/chirag/prof/smoke
[profile:full 16:14:23] starting: /usr/local/cuda/bin/nsys profile --trace=cuda,nvtx,osrt --force-overwrite=true --output=/home/chirag/prof/full/trace --sample=process-tree --cpuctxsw=process-tree --python-sampling=true --cuda-memory-usage=false .venv/bin/python -m uvicorn serving.naive_server:app --port 8000
[profile:full 16:14:23] waiting for /healthz (model load)
[profile:full 16:14:33] running: .venv/bin/python benchmarks/baseline_runner.py --warmup 20 --requests 30 --runs 1 --output-tokens 128 --out /home/chirag/prof/full/runner.json
[profile:full 16:19:16] stopping server (SIGINT) so nsys finalizes
[profile:full 16:22:16] nsys stats
[profile:full 16:35:32] done -> /home/chirag/prof/full
